// Jest Snapshot v1, https://goo.gl/fbAQLP

exports[`<AppBar /> should render correctly 1`] = `
<div
  className="appBar"
>
  <div
    className="iconButton"
  >
    <FontAwesome
      className="icon"
      name="bars"
    />
  </div>
  <div
    className="heading"
  >
    Coder daily
  </div>
  <div
    className="linkContainer"
  >
    Log in
  </div>
</div>
`;
